
> transit-india@0.0.0 build
> vite build

[36mvite v5.4.21 [32mbuilding for production...[36m[39m
transforming...
[32mΓ£ô[39m 1838 modules transformed.
rendering chunks...
computing gzip size...
[2mdist/[22m[32mindex.html                 [39m[1m[2m  0.71 kB[22m[1m[22m[2m Γöé gzip:   0.39 kB[22m
[2mdist/[22m[35massets/index-CtWd2DRy.css  [39m[1m[2m 53.12 kB[22m[1m[22m[2m Γöé gzip:   8.55 kB[22m
[2mdist/[22m[36massets/index-DXAZ_Ufs.js   [39m[1m[2m374.40 kB[22m[1m[22m[2m Γöé gzip: 114.91 kB[22m
[32mΓ£ô built in 4.47s[39m
